\BOOKMARK [0][-]{capitulo.1.0}{\376\377\000C\000A\000P\000\315\000T\000U\000L\000O\000\040\000I\000:\000\040\000I\000N\000T\000R\000O\000D\000U\000C\000C\000I\000\323\000N}{}% 1
\BOOKMARK [1][-]{section.1.1}{\376\377\000I\000n\000t\000r\000o\000d\000u\000c\000c\000i\000\363\000n}{capitulo.1.0}% 2
\BOOKMARK [0][-]{capitulo.2.0}{\376\377\000C\000A\000P\000\315\000T\000U\000L\000O\000\040\000I\000I\000:\000\040\000O\000B\000J\000E\000T\000I\000V\000O\000S\000,\000\040\000A\000L\000C\000A\000N\000C\000E\000\040\000Y\000\040\000L\000\315\000M\000I\000T\000E\000S}{}% 3
\BOOKMARK [1][-]{section.2.1}{\376\377\000O\000b\000j\000e\000t\000i\000v\000o\000s\000\040\000d\000e\000l\000\040\000t\000r\000a\000b\000a\000j\000o}{capitulo.2.0}% 4
\BOOKMARK [2][-]{subsection.2.1.1}{\376\377\000O\000b\000j\000e\000t\000i\000v\000o\000\040\000g\000e\000n\000e\000r\000a\000l}{section.2.1}% 5
\BOOKMARK [2][-]{subsection.2.1.2}{\376\377\000O\000b\000j\000e\000t\000i\000v\000o\000s\000\040\000e\000s\000p\000e\000c\000\355\000f\000i\000c\000o\000s}{section.2.1}% 6
\BOOKMARK [1][-]{section.2.2}{\376\377\000A\000l\000c\000a\000n\000c\000e\000\040\000y\000\040\000L\000\355\000m\000i\000t\000e\000s}{capitulo.2.0}% 7
\BOOKMARK [2][-]{subsection.2.2.1}{\376\377\000A\000l\000c\000a\000n\000c\000e}{section.2.2}% 8
\BOOKMARK [2][-]{subsection.2.2.2}{\376\377\000L\000\355\000m\000i\000t\000e\000s}{section.2.2}% 9
\BOOKMARK [2][-]{subsection.2.2.3}{\376\377\000E\000n\000t\000o\000r\000n\000o\000\040\000d\000e\000\040\000t\000r\000a\000b\000a\000j\000o}{section.2.2}% 10
\BOOKMARK [0][-]{capitulo.3.0}{\376\377\000C\000A\000P\000\315\000T\000U\000L\000O\000\040\000I\000I\000I\000:\000\040\000D\000E\000S\000A\000R\000R\000O\000L\000L\000O\000\040\000D\000E\000L\000\040\000T\000R\000A\000B\000A\000J\000O}{}% 11
\BOOKMARK [1][-]{section.3.1}{\376\377\000D\000e\000s\000a\000r\000r\000o\000l\000l\000o\000\040\000d\000e\000l\000\040\000t\000r\000a\000b\000a\000j\000o}{capitulo.3.0}% 12
\BOOKMARK [1][-]{section.3.2}{\376\377\000S\000e\000r\000v\000i\000d\000o\000r\000\040\000D\000H\000C\000P}{capitulo.3.0}% 13
\BOOKMARK [2][-]{subsection.3.2.1}{\376\377\000A\000r\000q\000u\000i\000t\000e\000c\000t\000u\000r\000a\000\040\000d\000e\000l\000\040\000s\000i\000s\000t\000e\000m\000a}{section.3.2}% 14
\BOOKMARK [2][-]{subsection.3.2.2}{\376\377\000I\000n\000s\000t\000a\000l\000a\000c\000i\000\363\000n\000\040\000d\000e\000l\000\040\000s\000e\000r\000v\000i\000d\000o\000r\000\040\000D\000H\000C\000P}{section.3.2}% 15
\BOOKMARK [2][-]{subsection.3.2.3}{\376\377\000C\000o\000n\000f\000i\000g\000u\000r\000a\000c\000i\000\363\000n\000\040\000d\000e\000l\000\040\000s\000e\000r\000v\000i\000d\000o\000r}{section.3.2}% 16
\BOOKMARK [3][-]{subsubsection.3.2.3.1}{\376\377\000I\000n\000t\000e\000r\000f\000a\000z\000\040\000y\000\040\000b\000a\000s\000e\000\040\000d\000e\000\040\000d\000a\000t\000o\000s\000\040\000d\000e\000\040\000c\000o\000n\000c\000e\000s\000i\000o\000n\000e\000s}{subsection.3.2.3}% 17
\BOOKMARK [3][-]{subsubsection.3.2.3.2}{\376\377\000S\000u\000b\000r\000e\000d\000,\000\040\000\341\000m\000b\000i\000t\000o\000\040\000y\000\040\000o\000p\000c\000i\000o\000n\000e\000s}{subsection.3.2.3}% 18
\BOOKMARK [2][-]{subsection.3.2.4}{\376\377\000D\000e\000s\000a\000c\000t\000i\000v\000a\000c\000i\000\363\000n\000\040\000d\000e\000l\000\040\000D\000H\000C\000P\000\040\000d\000e\000l\000\040\000r\000o\000u\000t\000e\000r}{section.3.2}% 19
\BOOKMARK [2][-]{subsection.3.2.5}{\376\377\000V\000e\000r\000i\000f\000i\000c\000a\000c\000i\000\363\000n\000\040\000d\000e\000l\000\040\000s\000e\000r\000v\000i\000c\000i\000o}{section.3.2}% 20
\BOOKMARK [2][-]{subsection.3.2.6}{\376\377\000P\000r\000u\000e\000b\000a\000s\000\040\000d\000e\000\040\000a\000s\000i\000g\000n\000a\000c\000i\000\363\000n\000\040\000d\000e\000s\000d\000e\000\040\000c\000l\000i\000e\000n\000t\000e\000s}{section.3.2}% 21
\BOOKMARK [2][-]{subsection.3.2.7}{\376\377\000R\000e\000g\000i\000s\000t\000r\000o\000\040\000d\000e\000\040\000c\000o\000n\000c\000e\000s\000i\000o\000n\000e\000s}{section.3.2}% 22
\BOOKMARK [1][-]{section.3.3}{\376\377\000S\000e\000r\000v\000i\000d\000o\000r\000\040\000W\000e\000b}{capitulo.3.0}% 23
\BOOKMARK [2][-]{subsection.3.3.1}{\376\377\000A\000r\000q\000u\000i\000t\000e\000c\000t\000u\000r\000a\000\040\000d\000e\000l\000\040\000s\000e\000r\000v\000i\000c\000i\000o}{section.3.3}% 24
\BOOKMARK [2][-]{subsection.3.3.2}{\376\377\000I\000n\000s\000t\000a\000l\000a\000c\000i\000\363\000n\000\040\000d\000e\000\040\000p\000a\000q\000u\000e\000t\000e\000s\000\040\000e\000n\000\040\000D\000e\000b\000i\000a\000n}{section.3.3}% 25
\BOOKMARK [2][-]{subsection.3.3.3}{\376\377\000G\000e\000n\000e\000r\000a\000c\000i\000\363\000n\000\040\000d\000e\000l\000\040\000c\000e\000r\000t\000i\000f\000i\000c\000a\000d\000o\000\040\000S\000S\000L\000/\000T\000L\000S\000\040\000c\000o\000n\000\040\000O\000p\000e\000n\000S\000S\000L}{section.3.3}% 26
\BOOKMARK [2][-]{subsection.3.3.4}{\376\377\000C\000o\000n\000f\000i\000g\000u\000r\000a\000c\000i\000\363\000n\000\040\000T\000L\000S\000\040\000g\000l\000o\000b\000a\000l\000\040\000y\000\040\000p\000a\000r\000\341\000m\000e\000t\000r\000o\000s\000\040\000d\000e\000\040\000s\000e\000s\000i\000\363\000n}{section.3.3}% 27
\BOOKMARK [2][-]{subsection.3.3.5}{\376\377\000S\000o\000p\000o\000r\000t\000e\000\040\000W\000e\000b\000S\000o\000c\000k\000e\000t\000\040\000p\000a\000r\000a\000\040\000a\000p\000l\000i\000c\000a\000c\000i\000o\000n\000e\000s\000\040\000w\000e\000b\000\040\000i\000n\000t\000e\000r\000a\000c\000t\000i\000v\000a\000s}{section.3.3}% 28
\BOOKMARK [2][-]{subsection.3.3.6}{\376\377\000C\000o\000n\000f\000i\000g\000u\000r\000a\000c\000i\000\363\000n\000\040\000d\000e\000\040\000V\000i\000r\000t\000u\000a\000l\000\040\000H\000o\000s\000t\000s\000\040\000y\000\040\000P\000r\000o\000x\000i\000e\000s\000\040\000I\000n\000v\000e\000r\000s\000o\000s}{section.3.3}% 29
\BOOKMARK [3][-]{subsubsection.3.3.6.1}{\376\377\000P\000r\000o\000x\000y\000\040\000i\000n\000v\000e\000r\000s\000o\000\040\000p\000a\000r\000a\000\040\000C\000U\000P\000S\000\040\000\050\000S\000e\000r\000v\000i\000d\000o\000r\000\040\000d\000e\000\040\000I\000m\000p\000r\000e\000s\000i\000\363\000n\000\051}{subsection.3.3.6}% 30
\BOOKMARK [3][-]{subsubsection.3.3.6.2}{\376\377\000P\000r\000o\000x\000y\000\040\000i\000n\000v\000e\000r\000s\000o\000\040\000p\000a\000r\000a\000\040\000F\000i\000l\000e\000b\000r\000o\000w\000s\000e\000r\000\040\000\050\000S\000e\000r\000v\000i\000d\000o\000r\000\040\000d\000e\000\040\000A\000r\000c\000h\000i\000v\000o\000s\000\040\000W\000e\000b\000\051}{subsection.3.3.6}% 31
\BOOKMARK [3][-]{subsubsection.3.3.6.3}{\376\377\000P\000r\000o\000x\000y\000\040\000i\000n\000v\000e\000r\000s\000o\000\040\000p\000a\000r\000a\000\040\000P\000o\000r\000t\000a\000i\000n\000e\000r\000\040\000\050\000P\000a\000n\000e\000l\000\040\000d\000e\000\040\000A\000d\000m\000i\000n\000i\000s\000t\000r\000a\000c\000i\000\363\000n\000\051}{subsection.3.3.6}% 32
\BOOKMARK [3][-]{subsubsection.3.3.6.4}{\376\377\000P\000r\000o\000x\000y\000\040\000i\000n\000v\000e\000r\000s\000o\000\040\000p\000a\000r\000a\000\040\000Z\000a\000b\000b\000i\000x\000\040\000\050\000M\000o\000n\000i\000t\000o\000r\000e\000o\000\040\000d\000e\000\040\000I\000n\000f\000r\000a\000e\000s\000t\000r\000u\000c\000t\000u\000r\000a\000\051}{subsection.3.3.6}% 33
\BOOKMARK [3][-]{subsubsection.3.3.6.5}{\376\377\000C\000a\000b\000e\000c\000e\000r\000a\000s\000\040\000H\000T\000T\000P\000\040\000d\000e\000\040\000p\000r\000o\000x\000y\000\040\000c\000o\000m\000p\000a\000r\000t\000i\000d\000a\000s}{subsection.3.3.6}% 34
\BOOKMARK [2][-]{subsection.3.3.7}{\376\377\000V\000i\000r\000t\000u\000a\000l\000\040\000h\000o\000s\000t\000\040\000d\000e\000l\000\040\000s\000i\000t\000i\000o\000\040\000p\000r\000i\000n\000c\000i\000p\000a\000l\000\040\000y\000\040\000s\000e\000r\000v\000i\000d\000o\000r\000\040\000p\000o\000r\000\040\000d\000e\000f\000e\000c\000t\000o}{section.3.3}% 35
\BOOKMARK [2][-]{subsection.3.3.8}{\376\377\000G\000e\000s\000t\000i\000\363\000n\000\040\000d\000e\000l\000\040\000s\000e\000r\000v\000i\000c\000i\000o\000\040\000c\000o\000n\000\040\000s\000y\000s\000t\000e\000m\000d\000\040\000y\000\040\000c\000o\000n\000t\000r\000o\000l\000\040\000d\000e\000\040\000f\000i\000r\000e\000w\000a\000l\000l}{section.3.3}% 36
\BOOKMARK [2][-]{subsection.3.3.9}{\376\377\000P\000r\000u\000e\000b\000a\000s\000\040\000d\000e\000\040\000a\000c\000c\000e\000s\000o\000\040\000y\000\040\000v\000e\000r\000i\000f\000i\000c\000a\000c\000i\000\363\000n}{section.3.3}% 37
\BOOKMARK [3][-]{subsubsection.3.3.9.1}{\376\377\000V\000e\000r\000i\000f\000i\000c\000a\000c\000i\000\363\000n\000\040\000d\000e\000l\000\040\000a\000r\000r\000a\000n\000q\000u\000e\000\040\000y\000\040\000p\000u\000e\000r\000t\000o\000s\000\040\000d\000e\000l\000\040\000s\000e\000r\000v\000i\000c\000i\000o}{subsection.3.3.9}% 38
\BOOKMARK [3][-]{subsubsection.3.3.9.2}{\376\377\000P\000r\000u\000e\000b\000a\000\040\000d\000e\000l\000\040\000s\000i\000t\000i\000o\000\040\000i\000n\000s\000t\000i\000t\000u\000c\000i\000o\000n\000a\000l\000\040\000p\000r\000i\000n\000c\000i\000p\000a\000l}{subsection.3.3.9}% 39
\BOOKMARK [3][-]{subsubsection.3.3.9.3}{\376\377\000P\000r\000u\000e\000b\000a\000\040\000d\000e\000\040\000l\000o\000s\000\040\000p\000r\000o\000x\000i\000e\000s\000\040\000i\000n\000v\000e\000r\000s\000o\000s}{subsection.3.3.9}% 40
\BOOKMARK [3][-]{subsubsection.3.3.9.4}{\376\377\000V\000e\000r\000i\000f\000i\000c\000a\000c\000i\000\363\000n\000\040\000d\000e\000l\000\040\000c\000e\000r\000t\000i\000f\000i\000c\000a\000d\000o\000\040\000S\000S\000L\000/\000T\000L\000S}{subsection.3.3.9}% 41
\BOOKMARK [0][-]{figure.11}{\376\377\000C\000O\000N\000C\000L\000U\000S\000I\000O\000N\000E\000S}{}% 42
\BOOKMARK [1][-]{section.4.}{\376\377\000C\000o\000n\000c\000l\000u\000s\000i\000o\000n\000e\000s}{figure.11}% 43
\BOOKMARK [2][-]{subsection.4.1}{\376\377\000R\000e\000s\000u\000l\000t\000a\000d\000o\000s\000\040\000o\000b\000t\000e\000n\000i\000d\000o\000s}{section.4.}% 44
\BOOKMARK [2][-]{subsection.4.2}{\376\377\000D\000i\000f\000i\000c\000u\000l\000t\000a\000d\000e\000s\000\040\000e\000n\000c\000o\000n\000t\000r\000a\000d\000a\000s}{section.4.}% 45
\BOOKMARK [2][-]{subsection.4.3}{\376\377\000I\000m\000p\000o\000r\000t\000a\000n\000c\000i\000a\000\040\000d\000e\000\040\000l\000o\000s\000\040\000s\000e\000r\000v\000i\000c\000i\000o\000s\000\040\000e\000n\000\040\000l\000a\000\040\000a\000d\000m\000i\000n\000i\000s\000t\000r\000a\000c\000i\000\363\000n\000\040\000d\000e\000\040\000r\000e\000d\000e\000s}{section.4.}% 46
\BOOKMARK [2][-]{subsection.4.4}{\376\377\000A\000p\000r\000e\000n\000d\000i\000z\000a\000j\000e\000s\000\040\000a\000d\000q\000u\000i\000r\000i\000d\000o\000s}{section.4.}% 47
\BOOKMARK [0][-]{subsection.4.4}{\376\377\000R\000E\000F\000E\000R\000E\000N\000C\000I\000A\000S}{}% 48
